// Jest Snapshot v1, https://goo.gl/fbAQLP

exports[`If hasNext is false next should be disabled 1`] = `<nav class="pagination"><span class="btn unactive float-left">Anterior</span> <span class="btn unactive float-right">Siguiente</span></nav>`;

exports[`If hasNext is true previous should be \`a\` tag 1`] = `<nav class="pagination"><span class="btn unactive float-left">Anterior</span> <span class="btn float-right"><a>Siguiente</a></span></nav>`;

exports[`If hasPrevious is false previous should be disabled 1`] = `<nav class="pagination"><span class="btn unactive float-left">Anterior</span> <span class="btn unactive float-right">Siguiente</span></nav>`;

exports[`If hasPrevious is true previous should be \`a\` tag 1`] = `<nav class="pagination"><span class="btn float-left"><a>Anterior</a></span> <span class="btn unactive float-right">Siguiente</span></nav>`;
